2025-03-02 15:45:44 | INFO | Starting up the application...
2025-03-02 15:45:44 | INFO | Scheduler initialized successfully
2025-03-02 15:45:44 | INFO | Application startup completed successfully
2025-03-02 15:50:41 | INFO | Starting up the application...
2025-03-02 15:50:41 | INFO | Scheduler initialized successfully
2025-03-02 15:50:41 | INFO | Application startup completed successfully
2025-03-02 15:54:18 | INFO | Starting up the application...
2025-03-02 15:54:18 | INFO | Scheduler initialized successfully
2025-03-02 15:54:18 | INFO | Application startup completed successfully
2025-03-02 17:19:30 | INFO | Starting up the application...
2025-03-02 17:19:30 | INFO | Scheduler initialized successfully
2025-03-02 17:19:30 | INFO | Application startup completed successfully
2025-03-02 17:21:34 | INFO | Starting scraping task for source_id: None
2025-03-02 17:21:34 | INFO | Starting job scraping at 2025-03-02 17:21:34.018399 for source_id: None
2025-03-02 17:21:35 | INFO | Found 2 active sources to scrape
2025-03-02 17:21:35 | INFO | Processing source: JobFound Portal for Remote Job (ID: 2)
2025-03-02 17:21:48 | INFO | Accessing https://www.jobfound.org/remote
2025-03-02 17:21:53 | INFO | Attempting to load URL: https://www.jobfound.org/remote
2025-03-02 17:21:57 | INFO | Function collect_job_urls took 4.39 seconds
2025-03-02 17:21:57 | INFO | Found 20 job URLs
2025-03-02 17:22:25 | INFO | Successfully scraped job: Software Dev Engineer
2025-03-02 17:22:41 | INFO | Successfully scraped job: Programmer
2025-03-02 17:22:44 | INFO | Successfully scraped job: Associate Web Developer
2025-03-02 17:22:49 | INFO | Successfully scraped job: Software Engineer, Front End
2025-03-02 17:22:52 | INFO | Successfully scraped job: Software Engineer
2025-03-02 17:22:56 | INFO | Successfully scraped job: Junior Front-End Engineer
2025-03-02 17:23:02 | INFO | Successfully scraped job: Web Frontend Developer
2025-03-02 17:23:04 | INFO | Successfully scraped job: Junior Software Developer
2025-03-02 17:23:06 | INFO | Successfully scraped job: Web Developer (Full Stack)
2025-03-02 17:23:10 | INFO | Successfully scraped job: Software Engineering Intern
2025-03-02 17:23:13 | INFO | Successfully scraped job: Full Stack Engineer
2025-03-02 17:23:22 | INFO | Successfully scraped job: Designer/Product Developer
2025-03-02 17:23:24 | INFO | Successfully scraped job: Associate Software Engineer
2025-03-02 17:23:40 | INFO | Function scrape_jobs took 124.98 seconds
2025-03-02 17:23:40 | INFO | Found 13 jobs from scraping source: JobFound Portal for Remote Job
2025-03-02 17:23:40 | INFO | Found 8 new jobs to store from source: JobFound Portal for Remote Job
2025-03-02 17:24:02 | INFO | Processing source: JobFound Portal (ID: 1)
2025-03-02 17:24:09 | INFO | Accessing https://www.jobfound.org/
2025-03-02 17:24:12 | INFO | Attempting to load URL: https://www.jobfound.org/
2025-03-02 17:24:32 | INFO | Function collect_job_urls took 19.84 seconds
2025-03-02 17:24:32 | INFO | Found 20 job URLs
2025-03-02 17:24:38 | INFO | Successfully scraped job: Web Solutions Engineer
2025-03-02 17:24:44 | INFO | Successfully scraped job: Frontend Engineer
2025-03-02 17:24:48 | INFO | Successfully scraped job: Associate DevOps Engineer
2025-03-02 17:24:53 | INFO | Successfully scraped job: Software Engineer
2025-03-02 17:24:57 | INFO | Successfully scraped job: Software Engineer
2025-03-02 17:25:04 | INFO | Successfully scraped job: Trainee
2025-03-02 17:25:13 | INFO | Successfully scraped job: Product Development Engineer Intern
2025-03-02 17:25:17 | INFO | Successfully scraped job: Software Engineer
2025-03-02 17:25:21 | INFO | Successfully scraped job: ENG Project/ Program - Intern
2025-03-02 17:25:28 | INFO | Successfully scraped job: Associate Software Engineer
2025-03-02 17:25:34 | INFO | Successfully scraped job: Software Engineer
2025-03-02 17:25:41 | INFO | Successfully scraped job: Trainee
2025-03-02 17:25:45 | INFO | Successfully scraped job: Software Engineer
2025-03-02 17:25:49 | INFO | Successfully scraped job: Frontend Developer
2025-03-02 17:25:55 | INFO | Successfully scraped job: Frontend Web Developer (MERN)
2025-03-02 17:26:01 | INFO | Successfully scraped job: Software Dev Engineer I
2025-03-02 17:26:08 | INFO | Successfully scraped job: Software Developer
2025-03-02 17:26:11 | INFO | Successfully scraped job: Fullstack Developer Intern
2025-03-02 17:26:15 | INFO | Successfully scraped job: Software Engineer
2025-03-02 17:26:20 | INFO | Successfully scraped job: Software Developer
2025-03-02 17:26:23 | INFO | Function scrape_jobs took 141.27 seconds
2025-03-02 17:26:23 | INFO | Found 20 jobs from scraping source: JobFound Portal
2025-03-02 17:26:24 | INFO | Found 9 new jobs to store from source: JobFound Portal
2025-03-02 17:26:50 | INFO | Email sent successfully to prasanthranger09@gmail.com
2025-03-02 17:26:50 | INFO | Function scrape_and_process_jobs took 316.96 seconds
2025-03-02 17:26:51 | INFO | Starting scraping task for source_id: None
2025-03-02 17:26:51 | INFO | Starting job scraping at 2025-03-02 17:26:51.041816 for source_id: None
2025-03-02 17:26:51 | INFO | Found 2 active sources to scrape
2025-03-02 17:26:51 | INFO | Processing source: JobFound Portal for Remote Job (ID: 2)
2025-03-02 17:26:54 | INFO | Accessing https://www.jobfound.org/remote
2025-03-02 17:27:00 | INFO | Attempting to load URL: https://www.jobfound.org/remote
2025-03-02 17:27:29 | INFO | Starting scraping task for source_id: 1
2025-03-02 17:27:29 | INFO | Starting job scraping at 2025-03-02 17:27:29.814640 for source_id: 1
2025-03-02 17:27:30 | INFO | Scraping single source: JobFound Portal (ID: 1)
2025-03-02 17:27:30 | INFO | Processing source: JobFound Portal (ID: 1)
2025-03-02 17:27:33 | INFO | Accessing https://www.jobfound.org/
2025-03-02 17:27:39 | INFO | Attempting to load URL: https://www.jobfound.org/
2025-03-02 17:27:59 | INFO | Function collect_job_urls took 20.44 seconds
2025-03-02 17:27:59 | INFO | Found 20 job URLs
2025-03-02 17:28:26 | INFO | Successfully scraped job: Frontend Engineer
2025-03-02 17:28:31 | INFO | Successfully scraped job: Associate DevOps Engineer
2025-03-02 17:28:36 | INFO | Successfully scraped job: Software Engineer
2025-03-02 17:28:41 | INFO | Successfully scraped job: Software Engineer
2025-03-02 17:28:50 | INFO | Successfully scraped job: Trainee
2025-03-02 17:28:58 | INFO | Successfully scraped job: Product Development Engineer Intern
2025-03-02 17:29:04 | INFO | Successfully scraped job: Software Engineer
2025-03-02 17:29:09 | INFO | Successfully scraped job: ENG Project/ Program - Intern
2025-03-02 17:29:15 | INFO | Successfully scraped job: Associate Software Engineer
2025-03-02 17:29:21 | INFO | Successfully scraped job: Software Engineer
2025-03-02 17:29:28 | INFO | Successfully scraped job: Trainee
2025-03-02 17:29:32 | INFO | Successfully scraped job: Software Engineer
2025-03-02 17:29:36 | INFO | Successfully scraped job: Frontend Developer
2025-03-02 17:29:42 | INFO | Successfully scraped job: Frontend Web Developer (MERN)
2025-03-02 17:29:49 | INFO | Successfully scraped job: Software Dev Engineer I
2025-03-02 17:29:54 | INFO | Successfully scraped job: Software Developer
2025-03-02 17:29:58 | INFO | Successfully scraped job: Fullstack Developer Intern
2025-03-02 17:30:02 | INFO | Successfully scraped job: Software Engineer
2025-03-02 17:30:07 | INFO | Successfully scraped job: Software Developer
2025-03-02 17:30:10 | INFO | Function scrape_jobs took 159.82 seconds
2025-03-02 17:30:10 | INFO | Found 19 jobs from scraping source: JobFound Portal
2025-03-02 17:30:11 | INFO | Found 0 new jobs to store from source: JobFound Portal
2025-03-02 17:30:36 | INFO | Email sent successfully to prasanthranger09@gmail.com
2025-03-02 17:30:36 | INFO | Function scrape_and_process_jobs took 187.14 seconds
2025-03-02 17:30:36 | INFO | Starting scraping task for source_id: 1
2025-03-02 17:30:36 | INFO | Starting job scraping at 2025-03-02 17:30:36.996296 for source_id: 1
2025-03-02 17:30:37 | INFO | Scraping single source: JobFound Portal (ID: 1)
2025-03-02 17:30:37 | INFO | Processing source: JobFound Portal (ID: 1)
2025-03-02 17:30:46 | INFO | Accessing https://www.jobfound.org/
2025-03-02 17:30:53 | INFO | Attempting to load URL: https://www.jobfound.org/
2025-03-02 17:31:14 | INFO | Function collect_job_urls took 21.01 seconds
2025-03-02 17:31:14 | INFO | Found 20 job URLs
2025-03-02 17:31:21 | INFO | Successfully scraped job: Web Solutions Engineer
2025-03-02 17:31:26 | INFO | Successfully scraped job: Frontend Engineer
2025-03-02 17:31:31 | INFO | Successfully scraped job: Associate DevOps Engineer
2025-03-02 17:31:37 | INFO | Successfully scraped job: Software Engineer
2025-03-02 17:31:41 | INFO | Successfully scraped job: Software Engineer
2025-03-02 17:31:49 | INFO | Successfully scraped job: Trainee
2025-03-02 17:31:59 | INFO | Successfully scraped job: Product Development Engineer Intern
2025-03-02 17:32:13 | INFO | Successfully scraped job: Software Engineer
2025-03-02 17:32:16 | INFO | Successfully scraped job: ENG Project/ Program - Intern
2025-03-02 17:32:19 | INFO | Successfully scraped job: Associate Software Engineer
2025-03-02 17:32:26 | INFO | Successfully scraped job: Software Engineer
2025-03-02 17:32:30 | INFO | Successfully scraped job: Trainee
2025-03-02 17:32:35 | INFO | Successfully scraped job: Software Engineer
2025-03-02 17:32:38 | INFO | Successfully scraped job: Frontend Developer
2025-03-02 17:32:41 | INFO | Successfully scraped job: Frontend Web Developer (MERN)
2025-03-02 17:32:44 | INFO | Successfully scraped job: Software Dev Engineer I
2025-03-02 17:32:47 | INFO | Successfully scraped job: Software Developer
2025-03-02 17:32:50 | INFO | Successfully scraped job: Fullstack Developer Intern
2025-03-02 17:32:52 | INFO | Successfully scraped job: Software Engineer
2025-03-02 17:32:55 | INFO | Successfully scraped job: Software Developer
2025-03-02 17:32:58 | INFO | Function scrape_jobs took 140.91 seconds
2025-03-02 17:32:58 | INFO | Found 20 jobs from scraping source: JobFound Portal
2025-03-02 17:32:59 | INFO | Found 0 new jobs to store from source: JobFound Portal
2025-03-02 17:33:24 | INFO | Email sent successfully to prasanthranger09@gmail.com
2025-03-02 17:33:24 | INFO | Function scrape_and_process_jobs took 167.78 seconds
2025-03-03 22:25:30 | INFO | Starting job scraping at 2025-03-03 22:25:30.960875 for source_id: None
2025-03-03 22:25:31 | INFO | Found 2 active sources to scrape
2025-03-03 22:25:31 | INFO | Processing source: JobFound Portal for Remote Job (ID: 2)
2025-03-03 22:26:47 | INFO | Application shutdown completed successfully
2025-03-03 22:27:06 | INFO | Scheduler initialized successfully
2025-03-03 22:27:06 | INFO | Application startup completed successfully
2025-03-03 22:28:08 | INFO | Starting scraping task for source_id: None
2025-03-03 22:28:08 | INFO | Starting job scraping at 2025-03-03 22:28:08.269862 for source_id: None
2025-03-03 22:28:09 | INFO | Found 2 active sources to scrape
2025-03-03 22:28:10 | INFO | Processing source: JobFound Portal for Remote Job (ID: 2)
2025-03-03 22:28:35 | INFO | Accessing https://www.jobfound.org/remote
2025-03-03 22:28:44 | INFO | Attempting to load URL: https://www.jobfound.org/remote
2025-03-03 22:28:49 | INFO | Function collect_job_urls took 4.97 seconds
2025-03-03 22:28:49 | INFO | Found 20 job URLs
2025-03-03 22:29:22 | INFO | Successfully scraped job: Associate Software Engineer
2025-03-03 22:29:34 | INFO | Successfully scraped job: Junior Front-End Engineer
2025-03-03 22:29:39 | INFO | Successfully scraped job: Full Stack Web Developer
2025-03-03 22:29:51 | INFO | Successfully scraped job: Web Developer
2025-03-03 22:30:02 | INFO | Successfully scraped job: Software Engineer
2025-03-03 22:30:09 | INFO | Successfully scraped job: Software Dev Engineer
2025-03-03 22:30:22 | INFO | Successfully scraped job: Programmer
2025-03-03 22:30:31 | INFO | Successfully scraped job: Associate Web Developer
2025-03-03 22:30:42 | INFO | Successfully scraped job: Software Engineer, Front End
2025-03-03 22:30:54 | INFO | Successfully scraped job: Software Engineer I
2025-03-03 22:30:59 | INFO | Successfully scraped job: Software Engineer
2025-03-03 22:31:18 | INFO | Function scrape_jobs took 187.85 seconds
2025-03-03 22:31:18 | INFO | Found 11 jobs from scraping source: JobFound Portal for Remote Job
2025-03-03 22:31:18 | INFO | Found 6 new jobs to store from source: JobFound Portal for Remote Job
2025-03-03 22:31:18 | ERROR | Error storing jobs: (psycopg2.errors.StringDataRightTruncation) value too long for type character varying(500)

[SQL: INSERT INTO jobs (job_title, company_name, job_type, category, salary, experience, location, description, detail_url, apply_link, posting_date, updated_at) SELECT p0::VARCHAR, p1::VARCHAR, p2::VARCHAR, p3::VARCHAR, p4::VARCHAR, p5::VARCHAR, p6::VARCH ... 1503 characters truncated ... p9, p10, p11, sen_counter) ORDER BY sen_counter RETURNING jobs.id, jobs.created_at, jobs.id AS id__1]
[parameters: {'salary__0': '$63,800 - $91,200 yearly', 'location__0': 'Remote', 'job_title__0': 'Associate Software Engineer', 'apply_link__0': 'https://careers.radian.com/us/en/job/R20240230/Associate-Software-Engineer---100%2525-Remote', 'job_type__0': 'Remote', 'updated_at__0': None, 'company_name__0': 'Radian', 'posting_date__0': datetime.date(2025, 3, 3), 'description__0': '<div><div><p>At Radian, we see you. For the person you are and the potential you hold. That’s why we’ve embraced a new way of working that lets our p ... (13765 characters truncated) ... rt of the application. Additional application materials include but are not limited to, resumes, CVs, transcripts, or certifications.</p></div></div>', 'category__0': None, 'experience__0': '2 years', 'detail_url__0': 'https://www.jobfound.org/job/radian-is-hiring-for-associate-software-engineer-or-remote-software-engineer', 'salary__1': '$70K - $90K yearly', 'location__1': 'Remote', 'job_title__1': 'Junior Front-End Engineer', 'apply_link__1': 'https://www.heitmeyerconsulting.com/job/12507-junior-front-end-engineer-brooklyn-oh/', 'job_type__1': 'Remote', 'updated_at__1': None, 'company_name__1': 'Heitmeyer', 'posting_date__1': datetime.date(2025, 3, 3), 'description__1': '<div><div><p>Heitmeyer’s banking client is seeking a Junior-level Front-End Engineer to join its Servicing &amp; Information Reporting Team to advanc ... (1362 characters truncated) ...  considered without regard to minority status, gender, disability, veteran status, or any other characteristic protected by law.</em></p></div></div>', 'category__1': None, 'experience__1': '2 years', 'detail_url__1': 'https://www.jobfound.org/job/heitmeyer-is-hiring-for-junior-front-end-engineer-or-remote-fronte-development', 'salary__2': '$93,000 - $110,000 yearly', 'location__2': 'Remote', 'job_title__2': 'Full Stack Web Developer', 'apply_link__2': 'https://careers.abnormalsecurity.com/jobs/6347988003?gh_jid=6347988003', 'job_type__2': 'Remote', 'updated_at__2': None, 'company_name__2': 'Abnormal', 'posting_date__2': datetime.date(2025, 3, 2), 'description__2': '<div><div><h3><strong>Job Overview:</strong></h3><p>We are seeking an experienced Full-Stack Web Developer to join our high-performing web team. In t ... (6211 characters truncated) ... areers.abnormalsecurity.com/benefits-perks"><u>Benefits &amp; Perks</u></a> page.</p><p>Base salary range:</p><p>$93,000—$110,000 USD</p></div></div>', 'category__2': None, 'experience__2': '2 years', 'detail_url__2': 'https://www.jobfound.org/job/abnormal-is-hiring-for-full-stack-web-developer-or-remote-frontend-development', 'salary__3': '$65,000 - $75,000 per year', 'location__3': 'Remote', 'job_title__3': 'Web Developer', 'apply_link__3': 'https://www.indeed.com/viewjob?jk=6966934c6fa33733&tk=1ilbggidb2c5p000&from=iiqccs&advn=3056909991446685&adid=431426641&ad=-6NYlbfkN0CyQKdz8_lqdlgY-c ... (562 characters truncated) ... b99df&camk=nUmJqO2E8riG7nRrV-wDBw%3D%3D&xkcb=SoCo6_M31rpNuTwydx0IbzkdCdPP&xpse=SoBl6_I31rpNuTwydx0PbzkdCdPP&xfps=2f99df71-8d7e-40fb-986b-82c23da78239', 'job_type__3': 'Remote', 'updated_at__3': None, 'company_name__3': 'Sanametrix', 'posting_date__3': datetime.date(2025, 3, 2), 'description__3': "<div><div><h2>Full job description</h2><p>***US Citizenship is required***</p><p>Overview<br>JOB DESCRIPTION:</p><p>Sanametrix is a minority-owned sm ... (4237 characters truncated) ... reening, you must approach the employer directly to request this as Indeed is not responsible for the employer's application process.</p></div></div>", 'category__3': None, 'experience__3': '2 years', 'detail_url__3': 'https://www.jobfound.org/job/sanametrix-is-hiring-for-web-developer-or-remote-frontend-development', 'salary__4': '$95K - $100K yearly', 'location__4': 'Remote', 'job_title__4': 'Software Engineer', 'apply_link__4': 'https://www.linkedin.com/jobs/view/4169970250/?alternateChannel=search', 'job_type__4': 'Remote', 'updated_at__4': None, 'company_name__4': 'MultiPlan', 'posting_date__4': datetime.date(2025, 3, 2), 'description__4': '<div><div><h2>About the job</h2><p>At MultiPlan, we pride ourselves on being a dynamic team of innovative professionals. Our purpose is simple - we s ... (4710 characters truncated) ...  national origin, disability or protected veteran status. If you would like more information on your EEO rights under the law, please</p></div></div>', 'category__4': None, 'experience__4': '1 years', 'detail_url__4': 'https://www.jobfound.org/job/multiplan-is-hiring-for-software-engineer-or-remote-software-engineer', 'salary__5': '$104,000-$130,000 yearly', 'location__5': 'Remote', 'job_title__5': 'Software Engineer I', 'apply_link__5': 'https://www.appfolio.com/open-roles?p=job%2FoGoBufwT&__jvst=Job%20Board&__jvsd=LinkedIn&nl=1', 'job_type__5': 'Remote', 'updated_at__5': None, 'company_name__5': 'AppFolio', 'posting_date__5': datetime.date(2025, 3, 2), 'description__5': '<div><div><p>We’re innovators, changemakers, and collaborators. We’re more than just a software company — we’re a cloud-based powerhouse that creates ... (5733 characters truncated) ... //www.appfolio.com/privacy#information-we-collect" href="https://www.appfolio.com/privacy#information-we-collect">Privacy Policy</a>.</p></div></div>', 'category__5': None, 'experience__5': '0 years', 'detail_url__5': 'https://www.jobfound.org/job/appfolio-is-hiring-for-software-engineer-i-or-remote-software-engineer'}]
(Background on this error at: https://sqlalche.me/e/20/9h9h)
2025-03-03 22:31:19 | ERROR | Error processing jobs for source JobFound Portal for Remote Job: (psycopg2.errors.StringDataRightTruncation) value too long for type character varying(500)

[SQL: INSERT INTO jobs (job_title, company_name, job_type, category, salary, experience, location, description, detail_url, apply_link, posting_date, updated_at) SELECT p0::VARCHAR, p1::VARCHAR, p2::VARCHAR, p3::VARCHAR, p4::VARCHAR, p5::VARCHAR, p6::VARCH ... 1503 characters truncated ... p9, p10, p11, sen_counter) ORDER BY sen_counter RETURNING jobs.id, jobs.created_at, jobs.id AS id__1]
[parameters: {'salary__0': '$63,800 - $91,200 yearly', 'location__0': 'Remote', 'job_title__0': 'Associate Software Engineer', 'apply_link__0': 'https://careers.radian.com/us/en/job/R20240230/Associate-Software-Engineer---100%2525-Remote', 'job_type__0': 'Remote', 'updated_at__0': None, 'company_name__0': 'Radian', 'posting_date__0': datetime.date(2025, 3, 3), 'description__0': '<div><div><p>At Radian, we see you. For the person you are and the potential you hold. That’s why we’ve embraced a new way of working that lets our p ... (13765 characters truncated) ... rt of the application. Additional application materials include but are not limited to, resumes, CVs, transcripts, or certifications.</p></div></div>', 'category__0': None, 'experience__0': '2 years', 'detail_url__0': 'https://www.jobfound.org/job/radian-is-hiring-for-associate-software-engineer-or-remote-software-engineer', 'salary__1': '$70K - $90K yearly', 'location__1': 'Remote', 'job_title__1': 'Junior Front-End Engineer', 'apply_link__1': 'https://www.heitmeyerconsulting.com/job/12507-junior-front-end-engineer-brooklyn-oh/', 'job_type__1': 'Remote', 'updated_at__1': None, 'company_name__1': 'Heitmeyer', 'posting_date__1': datetime.date(2025, 3, 3), 'description__1': '<div><div><p>Heitmeyer’s banking client is seeking a Junior-level Front-End Engineer to join its Servicing &amp; Information Reporting Team to advanc ... (1362 characters truncated) ...  considered without regard to minority status, gender, disability, veteran status, or any other characteristic protected by law.</em></p></div></div>', 'category__1': None, 'experience__1': '2 years', 'detail_url__1': 'https://www.jobfound.org/job/heitmeyer-is-hiring-for-junior-front-end-engineer-or-remote-fronte-development', 'salary__2': '$93,000 - $110,000 yearly', 'location__2': 'Remote', 'job_title__2': 'Full Stack Web Developer', 'apply_link__2': 'https://careers.abnormalsecurity.com/jobs/6347988003?gh_jid=6347988003', 'job_type__2': 'Remote', 'updated_at__2': None, 'company_name__2': 'Abnormal', 'posting_date__2': datetime.date(2025, 3, 2), 'description__2': '<div><div><h3><strong>Job Overview:</strong></h3><p>We are seeking an experienced Full-Stack Web Developer to join our high-performing web team. In t ... (6211 characters truncated) ... areers.abnormalsecurity.com/benefits-perks"><u>Benefits &amp; Perks</u></a> page.</p><p>Base salary range:</p><p>$93,000—$110,000 USD</p></div></div>', 'category__2': None, 'experience__2': '2 years', 'detail_url__2': 'https://www.jobfound.org/job/abnormal-is-hiring-for-full-stack-web-developer-or-remote-frontend-development', 'salary__3': '$65,000 - $75,000 per year', 'location__3': 'Remote', 'job_title__3': 'Web Developer', 'apply_link__3': 'https://www.indeed.com/viewjob?jk=6966934c6fa33733&tk=1ilbggidb2c5p000&from=iiqccs&advn=3056909991446685&adid=431426641&ad=-6NYlbfkN0CyQKdz8_lqdlgY-c ... (562 characters truncated) ... b99df&camk=nUmJqO2E8riG7nRrV-wDBw%3D%3D&xkcb=SoCo6_M31rpNuTwydx0IbzkdCdPP&xpse=SoBl6_I31rpNuTwydx0PbzkdCdPP&xfps=2f99df71-8d7e-40fb-986b-82c23da78239', 'job_type__3': 'Remote', 'updated_at__3': None, 'company_name__3': 'Sanametrix', 'posting_date__3': datetime.date(2025, 3, 2), 'description__3': "<div><div><h2>Full job description</h2><p>***US Citizenship is required***</p><p>Overview<br>JOB DESCRIPTION:</p><p>Sanametrix is a minority-owned sm ... (4237 characters truncated) ... reening, you must approach the employer directly to request this as Indeed is not responsible for the employer's application process.</p></div></div>", 'category__3': None, 'experience__3': '2 years', 'detail_url__3': 'https://www.jobfound.org/job/sanametrix-is-hiring-for-web-developer-or-remote-frontend-development', 'salary__4': '$95K - $100K yearly', 'location__4': 'Remote', 'job_title__4': 'Software Engineer', 'apply_link__4': 'https://www.linkedin.com/jobs/view/4169970250/?alternateChannel=search', 'job_type__4': 'Remote', 'updated_at__4': None, 'company_name__4': 'MultiPlan', 'posting_date__4': datetime.date(2025, 3, 2), 'description__4': '<div><div><h2>About the job</h2><p>At MultiPlan, we pride ourselves on being a dynamic team of innovative professionals. Our purpose is simple - we s ... (4710 characters truncated) ...  national origin, disability or protected veteran status. If you would like more information on your EEO rights under the law, please</p></div></div>', 'category__4': None, 'experience__4': '1 years', 'detail_url__4': 'https://www.jobfound.org/job/multiplan-is-hiring-for-software-engineer-or-remote-software-engineer', 'salary__5': '$104,000-$130,000 yearly', 'location__5': 'Remote', 'job_title__5': 'Software Engineer I', 'apply_link__5': 'https://www.appfolio.com/open-roles?p=job%2FoGoBufwT&__jvst=Job%20Board&__jvsd=LinkedIn&nl=1', 'job_type__5': 'Remote', 'updated_at__5': None, 'company_name__5': 'AppFolio', 'posting_date__5': datetime.date(2025, 3, 2), 'description__5': '<div><div><p>We’re innovators, changemakers, and collaborators. We’re more than just a software company — we’re a cloud-based powerhouse that creates ... (5733 characters truncated) ... //www.appfolio.com/privacy#information-we-collect" href="https://www.appfolio.com/privacy#information-we-collect">Privacy Policy</a>.</p></div></div>', 'category__5': None, 'experience__5': '0 years', 'detail_url__5': 'https://www.jobfound.org/job/appfolio-is-hiring-for-software-engineer-i-or-remote-software-engineer'}]
(Background on this error at: https://sqlalche.me/e/20/9h9h)
2025-03-03 22:31:40 | INFO | Processing source: JobFound Portal (ID: 1)
2025-03-03 22:31:42 | INFO | Accessing https://www.jobfound.org/
2025-03-03 22:31:47 | INFO | Attempting to load URL: https://www.jobfound.org/
2025-03-03 22:32:06 | INFO | Function collect_job_urls took 18.84 seconds
2025-03-03 22:32:06 | INFO | Found 20 job URLs
2025-03-03 22:32:36 | INFO | Successfully scraped job: Software Engineer
2025-03-03 22:32:42 | INFO | Successfully scraped job: React js developer
2025-03-03 22:32:51 | INFO | Successfully scraped job: Software Development Engineer I Data
2025-03-03 22:33:13 | INFO | Successfully scraped job: Software Engineer
2025-03-03 22:33:15 | INFO | Successfully scraped job: Software Engineer
2025-03-03 22:33:22 | INFO | Successfully scraped job: Software Engineer
2025-03-03 22:33:26 | INFO | Successfully scraped job: Member Technical Staff Development
2025-03-03 22:33:33 | INFO | Successfully scraped job: Software Engineer
2025-03-03 22:33:35 | INFO | Successfully scraped job: Software Development Engineer, QA
2025-03-03 22:33:37 | INFO | Successfully scraped job: Software Engineer
2025-03-03 22:33:42 | INFO | Successfully scraped job: Frontend- Software Engineer
2025-03-03 22:33:50 | INFO | Successfully scraped job: Web Solutions Engineer
2025-03-03 22:33:52 | INFO | Successfully scraped job: Frontend Engineer
2025-03-03 22:33:56 | INFO | Successfully scraped job: Associate DevOps Engineer
2025-03-03 22:33:59 | INFO | Successfully scraped job: Software Engineer
2025-03-03 22:34:02 | INFO | Successfully scraped job: Software Engineer
2025-03-03 22:34:04 | INFO | Successfully scraped job: Trainee
2025-03-03 22:34:07 | INFO | Successfully scraped job: Product Development Engineer Intern
2025-03-03 22:34:12 | INFO | Successfully scraped job: Software Engineer
2025-03-03 22:34:15 | INFO | Function scrape_jobs took 155.09 seconds
2025-03-03 22:34:15 | INFO | Found 19 jobs from scraping source: JobFound Portal
2025-03-03 22:34:16 | INFO | Found 11 new jobs to store from source: JobFound Portal
2025-03-03 22:34:42 | INFO | Email sent successfully to prasanthranger09@gmail.com
2025-03-03 22:34:42 | INFO | Function scrape_and_process_jobs took 394.66 seconds
2025-03-04 22:32:24 | INFO | Starting job scraping at 2025-03-04 22:32:24.561058 for source_id: None
2025-03-04 22:32:24 | INFO | Found 2 active sources to scrape
2025-03-04 22:32:25 | INFO | Processing source: JobFound Portal for Remote Job (ID: 2)
2025-03-04 22:32:56 | INFO | Accessing https://www.jobfound.org/remote
2025-03-04 22:33:05 | INFO | Attempting to load URL: https://www.jobfound.org/remote
2025-03-04 22:33:12 | INFO | Function collect_job_urls took 7.76 seconds
2025-03-04 22:33:12 | INFO | Found 20 job URLs
2025-03-04 22:33:43 | INFO | Successfully scraped job: Software Development Engineer
2025-03-04 22:33:53 | INFO | Successfully scraped job: Software Engineer Intern
2025-03-04 22:34:06 | INFO | Successfully scraped job: Software Engineer
2025-03-04 22:34:41 | INFO | Successfully scraped job: Software Engineer
2025-03-04 22:34:44 | INFO | Successfully scraped job: Software Engineer
2025-03-04 22:34:46 | INFO | Successfully scraped job: Solution Engineer
2025-03-04 22:35:14 | INFO | Successfully scraped job: Front-End Engineer
2025-03-04 22:35:16 | INFO | Successfully scraped job: Associate Software Engineer
2025-03-04 22:35:30 | INFO | Successfully scraped job: Junior Front-End Engineer
2025-03-04 22:35:55 | INFO | Function scrape_jobs took 210.35 seconds
2025-03-04 22:35:55 | INFO | Found 9 jobs from scraping source: JobFound Portal for Remote Job
2025-03-04 22:35:55 | INFO | Found 9 new jobs to store from source: JobFound Portal for Remote Job
2025-03-04 22:36:16 | INFO | Processing source: JobFound Portal (ID: 1)
2025-03-04 22:36:24 | INFO | Accessing https://www.jobfound.org/
2025-03-04 22:36:28 | INFO | Attempting to load URL: https://www.jobfound.org/
2025-03-04 22:36:54 | INFO | Function collect_job_urls took 26.24 seconds
2025-03-04 22:36:54 | INFO | Found 20 job URLs
2025-03-04 22:37:14 | INFO | Successfully scraped job: Intern - QA Engineer
2025-03-04 22:37:22 | INFO | Successfully scraped job: Web Development Intern
2025-03-04 22:37:27 | INFO | Successfully scraped job: Software Engineer
2025-03-04 22:37:29 | INFO | Successfully scraped job: Software Development Engineer- I
2025-03-04 22:37:32 | INFO | Successfully scraped job: Software Engineer - UI
2025-03-04 22:37:35 | INFO | Successfully scraped job: Software Engineer Intern
2025-03-04 22:37:38 | INFO | Successfully scraped job: Intern- Software Development Engineer
2025-03-04 22:37:40 | INFO | Successfully scraped job: Full Stack Developer
2025-03-04 22:37:44 | INFO | Successfully scraped job: Apps Dev Programmer Analyst 2
2025-03-04 22:37:48 | INFO | Successfully scraped job: Software Engineer I
2025-03-04 22:37:51 | INFO | Successfully scraped job: Software Developer Engineer 1
2025-03-04 22:37:56 | INFO | Successfully scraped job: Frontend Developer Intern
2025-03-04 22:37:58 | INFO | Successfully scraped job: Software Engineer
2025-03-04 22:38:03 | INFO | Successfully scraped job: React js developer
2025-03-04 22:38:06 | INFO | Successfully scraped job: Software Development Engineer I Data
2025-03-04 22:38:21 | INFO | Successfully scraped job: Software Engineer
2025-03-04 22:38:24 | INFO | Successfully scraped job: Software Engineer
2025-03-04 22:38:26 | INFO | Successfully scraped job: Software Engineer
2025-03-04 22:38:30 | INFO | Successfully scraped job: Member Technical Staff Development
2025-03-04 22:38:32 | INFO | Successfully scraped job: Software Engineer
2025-03-04 22:38:36 | INFO | Function scrape_jobs took 139.36 seconds
2025-03-04 22:38:36 | INFO | Found 20 jobs from scraping source: JobFound Portal
2025-03-04 22:38:36 | INFO | Found 12 new jobs to store from source: JobFound Portal
2025-03-04 22:39:03 | INFO | Email sent successfully to prasanthranger09@gmail.com
2025-03-04 22:39:03 | INFO | Function scrape_and_process_jobs took 399.17 seconds
2025-03-04 23:10:17 | INFO | Application shutdown completed successfully
2025-03-04 23:10:27 | INFO | Scheduler initialized successfully
2025-03-04 23:10:28 | INFO | Application startup completed successfully
2025-03-04 23:14:16 | INFO | Shutting down the application...
2025-03-04 23:14:16 | INFO | Application shutdown completed successfully
2025-03-04 23:14:20 | INFO | Scheduler initialized successfully
2025-03-04 23:14:20 | INFO | Application startup completed successfully
2025-03-04 23:19:17 | INFO | Shutting down the application...
2025-03-04 23:19:17 | INFO | Application shutdown completed successfully
2025-03-04 23:19:21 | INFO | Scheduler initialized successfully
2025-03-04 23:19:21 | INFO | Application startup completed successfully
2025-03-04 23:24:17 | INFO | Shutting down the application...
2025-03-04 23:24:17 | INFO | Application shutdown completed successfully
2025-03-04 23:24:22 | INFO | Scheduler initialized successfully
2025-03-04 23:24:22 | INFO | Application startup completed successfully
2025-03-04 23:24:50 | INFO | Shutting down the application...
2025-03-04 23:24:50 | INFO | Application shutdown completed successfully
2025-03-04 23:24:55 | INFO | Scheduler initialized successfully
2025-03-04 23:24:55 | INFO | Application startup completed successfully
2025-03-04 23:28:14 | INFO | Shutting down the application...
2025-03-04 23:28:14 | INFO | Application shutdown completed successfully
2025-03-04 23:28:21 | INFO | Scheduler initialized successfully
2025-03-04 23:28:21 | INFO | Application startup completed successfully
2025-03-05 00:22:35 | INFO | Shutting down the application...
2025-03-05 00:22:35 | INFO | Application shutdown completed successfully
2025-03-05 00:23:35 | INFO | Scheduler initialized successfully
2025-03-05 00:23:35 | INFO | Application startup completed successfully
2025-03-05 00:37:08 | INFO | Shutting down the application...
2025-03-05 00:37:08 | INFO | Application shutdown completed successfully
2025-03-05 00:38:04 | INFO | Scheduler initialized successfully
2025-03-05 00:38:04 | INFO | Application startup completed successfully
2025-03-05 00:38:51 | INFO | Scheduler initialized successfully
2025-03-05 00:38:51 | INFO | Application startup completed successfully
2025-03-05 00:41:05 | INFO | Shutting down the application...
2025-03-05 00:41:05 | INFO | Application shutdown completed successfully
2025-03-05 00:41:08 | INFO | Scheduler initialized successfully
2025-03-05 00:41:08 | INFO | Application startup completed successfully
2025-03-05 00:41:21 | INFO | Shutting down the application...
2025-03-05 00:41:21 | INFO | Application shutdown completed successfully
2025-03-05 00:41:28 | INFO | Scheduler initialized successfully
2025-03-05 00:41:28 | INFO | Application startup completed successfully
2025-03-05 00:45:06 | INFO | Shutting down the application...
2025-03-05 00:45:06 | INFO | Application shutdown completed successfully
2025-03-05 00:45:09 | INFO | Scheduler initialized successfully
2025-03-05 00:45:09 | INFO | Application startup completed successfully
2025-03-05 00:54:23 | INFO | Shutting down the application...
2025-03-05 00:54:23 | INFO | Application shutdown completed successfully
2025-03-05 00:54:27 | INFO | Scheduler initialized successfully
2025-03-05 00:54:27 | INFO | Application startup completed successfully
2025-03-05 21:23:30 | INFO | Starting job scraping at 2025-03-05 21:23:30.405675 for source_id: None
2025-03-05 21:23:31 | INFO | Found 2 active sources to scrape
2025-03-05 21:23:31 | INFO | Processing source: JobFound Portal for Remote Job (ID: 2)
2025-03-05 21:23:53 | INFO | Accessing https://www.jobfound.org/remote
2025-03-05 21:24:02 | INFO | Attempting to load URL: https://www.jobfound.org/remote
2025-03-05 21:24:07 | INFO | Function collect_job_urls took 4.88 seconds
2025-03-05 21:24:07 | INFO | Found 20 job URLs
2025-03-05 21:24:37 | INFO | Successfully scraped job: Junior Frontend Developer
2025-03-05 21:24:45 | INFO | Successfully scraped job: Software Engineer
2025-03-05 21:24:56 | INFO | Successfully scraped job: Intern - Software Engineering
2025-03-05 21:25:07 | INFO | Successfully scraped job: Software Engineer
2025-03-05 21:25:14 | INFO | Successfully scraped job: Frontend Engineer
2025-03-05 21:25:20 | INFO | Successfully scraped job: Software Development Engineer
2025-03-05 21:26:08 | INFO | Successfully scraped job: Software Engineer
2025-03-05 21:26:15 | INFO | Successfully scraped job: Software Engineering Internship
2025-03-05 21:26:47 | INFO | Successfully scraped job: Software Engineer
2025-03-05 21:26:50 | INFO | Successfully scraped job: Software Engineer
2025-03-05 21:26:52 | INFO | Successfully scraped job: Solution Engineer
2025-03-05 21:27:18 | INFO | Function scrape_jobs took 227.00 seconds
2025-03-05 21:27:18 | INFO | Found 11 jobs from scraping source: JobFound Portal for Remote Job
2025-03-05 21:27:19 | INFO | Found 6 new jobs to store from source: JobFound Portal for Remote Job
2025-03-05 21:27:41 | INFO | Processing source: JobFound Portal (ID: 1)
2025-03-05 21:27:49 | INFO | Accessing https://www.jobfound.org/
2025-03-05 21:27:57 | INFO | Attempting to load URL: https://www.jobfound.org/
2025-03-05 21:28:05 | ERROR | Error collecting job URLs: Message: 

2025-03-05 21:28:05 | ERROR | Function collect_job_urls failed after 7.72 seconds: Failed to collect job URLs: Message: 

2025-03-05 21:28:05 | WARNING | Attempt 1/3 failed: Failed to collect job URLs: Message: 

2025-03-05 21:28:07 | INFO | Attempting to load URL: https://www.jobfound.org/
2025-03-05 21:28:27 | INFO | Function collect_job_urls took 19.66 seconds
2025-03-05 21:28:27 | INFO | Found 20 job URLs
2025-03-05 21:28:52 | INFO | Successfully scraped job: Associate Software Engineer
2025-03-05 21:28:57 | INFO | Successfully scraped job: SDE 1 - Backend
2025-03-05 21:29:01 | INFO | Successfully scraped job: Frontend Developer-1
2025-03-05 21:29:04 | INFO | Successfully scraped job: Backend Developer Intern
2025-03-05 21:29:51 | INFO | Successfully scraped job: Frontend Engineer
2025-03-05 21:31:01 | INFO | Successfully scraped job: Junior Software Engineer
2025-03-05 21:31:18 | INFO | Successfully scraped job: Full Stack Intern
2025-03-05 21:31:22 | INFO | Successfully scraped job: SDE- Intern
2025-03-05 21:31:43 | INFO | Successfully scraped job: Member of Technical Staff
2025-03-05 21:31:48 | INFO | Successfully scraped job: Intern - QA Engineer
2025-03-05 21:31:50 | INFO | Successfully scraped job: Web Development Intern
2025-03-05 21:31:53 | INFO | Successfully scraped job: Software Engineer
2025-03-05 21:31:55 | INFO | Successfully scraped job: Software Development Engineer- I
2025-03-05 21:31:58 | INFO | Successfully scraped job: Software Engineer - UI
2025-03-05 21:32:01 | INFO | Function scrape_jobs took 260.77 seconds
2025-03-05 21:32:01 | INFO | Found 14 jobs from scraping source: JobFound Portal
2025-03-05 21:32:04 | INFO | Found 9 new jobs to store from source: JobFound Portal
2025-03-05 21:32:34 | INFO | Email sent successfully to prasanthranger09@gmail.com
2025-03-05 21:32:34 | INFO | Function scrape_and_process_jobs took 544.51 seconds
2025-03-05 23:01:53 | INFO | Application shutdown completed successfully
2025-03-05 23:02:06 | INFO | Scheduler initialized successfully
2025-03-05 23:02:06 | INFO | Application startup completed successfully
2025-03-06 09:11:50 | INFO | Starting scraping task for source_id: None
2025-03-06 09:11:50 | INFO | Starting job scraping at 2025-03-06 09:11:50.271522 for source_id: None
2025-03-06 09:12:46 | INFO | Found 2 active sources to scrape
2025-03-06 09:12:46 | INFO | Processing source: JobFound Portal for Remote Job (ID: 2)
2025-03-06 09:13:36 | INFO | Accessing https://www.jobfound.org/remote
2025-03-06 09:13:46 | INFO | Attempting to load URL: https://www.jobfound.org/remote
2025-03-06 09:13:50 | INFO | Function collect_job_urls took 4.79 seconds
2025-03-06 09:13:50 | INFO | Found 20 job URLs
2025-03-06 09:14:22 | INFO | Successfully scraped job: Frontend Engineer
2025-03-06 09:14:28 | INFO | Successfully scraped job: Junior Frontend Developer
2025-03-06 09:14:33 | INFO | Successfully scraped job: Software Engineer
2025-03-06 09:14:40 | INFO | Successfully scraped job: Intern - Software Engineering
2025-03-06 09:14:51 | INFO | Successfully scraped job: Software Engineer
2025-03-06 09:14:54 | INFO | Successfully scraped job: Software Engineer Intern
2025-03-06 09:15:24 | INFO | Function scrape_jobs took 157.18 seconds
2025-03-06 09:15:24 | INFO | Found 6 jobs from scraping source: JobFound Portal for Remote Job
2025-03-06 09:15:24 | INFO | Found 2 new jobs to store from source: JobFound Portal for Remote Job
2025-03-06 09:15:45 | INFO | Processing source: JobFound Portal (ID: 1)
2025-03-06 09:15:52 | INFO | Accessing https://www.jobfound.org/
2025-03-06 09:15:53 | ERROR | Scraping failed: Message: invalid session id: session deleted as the browser has closed the connection
from disconnected: Unable to receive message from renderer
  (Session info: chrome=133.0.6943.142)
Stacktrace:
	GetHandleVerifier [0x007A0B43+25139]
	(No symbol) [0x007313F4]
	(No symbol) [0x006104E3]
	(No symbol) [0x0060116B]
	(No symbol) [0x00600EA1]
	(No symbol) [0x005FFFC1]
	(No symbol) [0x0061CE65]
	(No symbol) [0x0069EA66]
	(No symbol) [0x0067CDC6]
	(No symbol) [0x0064BDE9]
	(No symbol) [0x0064D124]
	GetHandleVerifier [0x00AA4373+3185251]
	GetHandleVerifier [0x00AC291A+3309578]
	GetHandleVerifier [0x00ABCF42+3286578]
	GetHandleVerifier [0x00837AE0+643536]
	(No symbol) [0x0073A20D]
	(No symbol) [0x007370B8]
	(No symbol) [0x00737257]
	(No symbol) [0x00729E00]
	BaseThreadInitThunk [0x75FE5D49+25]
	RtlInitializeExceptionChain [0x7783CDEB+107]
	RtlGetAppContainerNamedObjectPath [0x7783CD71+561]

Traceback (most recent call last):
  File "C:\Users\Prasanth\Desktop\webscrapper\job_scraper\backend\app\services\scraper_service.py", line 573, in scrape_jobs
    self.driver.get(self.source_url)
  File "C:\Users\Prasanth\Desktop\webscrapper\venv\Lib\site-packages\selenium\webdriver\remote\webdriver.py", line 454, in get
    self.execute(Command.GET, {"url": url})
  File "C:\Users\Prasanth\Desktop\webscrapper\venv\Lib\site-packages\selenium\webdriver\remote\webdriver.py", line 429, in execute
    self.error_handler.check_response(response)
  File "C:\Users\Prasanth\Desktop\webscrapper\venv\Lib\site-packages\selenium\webdriver\remote\errorhandler.py", line 232, in check_response
    raise exception_class(message, screen, stacktrace)
selenium.common.exceptions.InvalidSessionIdException: Message: invalid session id: session deleted as the browser has closed the connection
from disconnected: Unable to receive message from renderer
  (Session info: chrome=133.0.6943.142)
Stacktrace:
	GetHandleVerifier [0x007A0B43+25139]
	(No symbol) [0x007313F4]
	(No symbol) [0x006104E3]
	(No symbol) [0x0060116B]
	(No symbol) [0x00600EA1]
	(No symbol) [0x005FFFC1]
	(No symbol) [0x0061CE65]
	(No symbol) [0x0069EA66]
	(No symbol) [0x0067CDC6]
	(No symbol) [0x0064BDE9]
	(No symbol) [0x0064D124]
	GetHandleVerifier [0x00AA4373+3185251]
	GetHandleVerifier [0x00AC291A+3309578]
	GetHandleVerifier [0x00ABCF42+3286578]
	GetHandleVerifier [0x00837AE0+643536]
	(No symbol) [0x0073A20D]
	(No symbol) [0x007370B8]
	(No symbol) [0x00737257]
	(No symbol) [0x00729E00]
	BaseThreadInitThunk [0x75FE5D49+25]
	RtlInitializeExceptionChain [0x7783CDEB+107]
	RtlGetAppContainerNamedObjectPath [0x7783CD71+561]


2025-03-06 09:15:55 | ERROR | Function scrape_jobs failed after 9.81 seconds: Job scraping failed: Message: invalid session id: session deleted as the browser has closed the connection
from disconnected: Unable to receive message from renderer
  (Session info: chrome=133.0.6943.142)
Stacktrace:
	GetHandleVerifier [0x007A0B43+25139]
	(No symbol) [0x007313F4]
	(No symbol) [0x006104E3]
	(No symbol) [0x0060116B]
	(No symbol) [0x00600EA1]
	(No symbol) [0x005FFFC1]
	(No symbol) [0x0061CE65]
	(No symbol) [0x0069EA66]
	(No symbol) [0x0067CDC6]
	(No symbol) [0x0064BDE9]
	(No symbol) [0x0064D124]
	GetHandleVerifier [0x00AA4373+3185251]
	GetHandleVerifier [0x00AC291A+3309578]
	GetHandleVerifier [0x00ABCF42+3286578]
	GetHandleVerifier [0x00837AE0+643536]
	(No symbol) [0x0073A20D]
	(No symbol) [0x007370B8]
	(No symbol) [0x00737257]
	(No symbol) [0x00729E00]
	BaseThreadInitThunk [0x75FE5D49+25]
	RtlInitializeExceptionChain [0x7783CDEB+107]
	RtlGetAppContainerNamedObjectPath [0x7783CD71+561]

2025-03-06 09:15:55 | WARNING | Attempt 1/3 failed: Job scraping failed: Message: invalid session id: session deleted as the browser has closed the connection
from disconnected: Unable to receive message from renderer
  (Session info: chrome=133.0.6943.142)
Stacktrace:
	GetHandleVerifier [0x007A0B43+25139]
	(No symbol) [0x007313F4]
	(No symbol) [0x006104E3]
	(No symbol) [0x0060116B]
	(No symbol) [0x00600EA1]
	(No symbol) [0x005FFFC1]
	(No symbol) [0x0061CE65]
	(No symbol) [0x0069EA66]
	(No symbol) [0x0067CDC6]
	(No symbol) [0x0064BDE9]
	(No symbol) [0x0064D124]
	GetHandleVerifier [0x00AA4373+3185251]
	GetHandleVerifier [0x00AC291A+3309578]
	GetHandleVerifier [0x00ABCF42+3286578]
	GetHandleVerifier [0x00837AE0+643536]
	(No symbol) [0x0073A20D]
	(No symbol) [0x007370B8]
	(No symbol) [0x00737257]
	(No symbol) [0x00729E00]
	BaseThreadInitThunk [0x75FE5D49+25]
	RtlInitializeExceptionChain [0x7783CDEB+107]
	RtlGetAppContainerNamedObjectPath [0x7783CD71+561]

2025-03-06 09:15:59 | ERROR | Driver initialization failed: Could not reach host. Are you offline?
2025-03-06 09:15:59 | ERROR | Scraping failed: Failed to initialize driver: Could not reach host. Are you offline?
Traceback (most recent call last):
  File "C:\Users\Prasanth\Desktop\webscrapper\venv\Lib\site-packages\urllib3\connection.py", line 198, in _new_conn
    sock = connection.create_connection(
           ^^^^^^^^^^^^^^^^^^^^^^^^^^^^^
  File "C:\Users\Prasanth\Desktop\webscrapper\venv\Lib\site-packages\urllib3\util\connection.py", line 85, in create_connection
    raise err
  File "C:\Users\Prasanth\Desktop\webscrapper\venv\Lib\site-packages\urllib3\util\connection.py", line 73, in create_connection
    sock.connect(sa)
OSError: [WinError 10051] A socket operation was attempted to an unreachable network

The above exception was the direct cause of the following exception:

Traceback (most recent call last):
  File "C:\Users\Prasanth\Desktop\webscrapper\venv\Lib\site-packages\urllib3\connectionpool.py", line 787, in urlopen
    response = self._make_request(
               ^^^^^^^^^^^^^^^^^^^
  File "C:\Users\Prasanth\Desktop\webscrapper\venv\Lib\site-packages\urllib3\connectionpool.py", line 488, in _make_request
    raise new_e
  File "C:\Users\Prasanth\Desktop\webscrapper\venv\Lib\site-packages\urllib3\connectionpool.py", line 464, in _make_request
    self._validate_conn(conn)
  File "C:\Users\Prasanth\Desktop\webscrapper\venv\Lib\site-packages\urllib3\connectionpool.py", line 1093, in _validate_conn
    conn.connect()
  File "C:\Users\Prasanth\Desktop\webscrapper\venv\Lib\site-packages\urllib3\connection.py", line 704, in connect
    self.sock = sock = self._new_conn()
                       ^^^^^^^^^^^^^^^^
  File "C:\Users\Prasanth\Desktop\webscrapper\venv\Lib\site-packages\urllib3\connection.py", line 213, in _new_conn
    raise NewConnectionError(
urllib3.exceptions.NewConnectionError: <urllib3.connection.HTTPSConnection object at 0x0000024C69CCBC10>: Failed to establish a new connection: [WinError 10051] A socket operation was attempted to an unreachable network

The above exception was the direct cause of the following exception:

Traceback (most recent call last):
  File "C:\Users\Prasanth\Desktop\webscrapper\venv\Lib\site-packages\requests\adapters.py", line 667, in send
    resp = conn.urlopen(
           ^^^^^^^^^^^^^
  File "C:\Users\Prasanth\Desktop\webscrapper\venv\Lib\site-packages\urllib3\connectionpool.py", line 841, in urlopen
    retries = retries.increment(
              ^^^^^^^^^^^^^^^^^^
  File "C:\Users\Prasanth\Desktop\webscrapper\venv\Lib\site-packages\urllib3\util\retry.py", line 519, in increment
    raise MaxRetryError(_pool, url, reason) from reason  # type: ignore[arg-type]
    ^^^^^^^^^^^^^^^^^^^^^^^^^^^^^^^^^^^^^^^^^^^^^^^^^^^
urllib3.exceptions.MaxRetryError: HTTPSConnectionPool(host='googlechromelabs.github.io', port=443): Max retries exceeded with url: /chrome-for-testing/latest-patch-versions-per-build.json (Caused by NewConnectionError('<urllib3.connection.HTTPSConnection object at 0x0000024C69CCBC10>: Failed to establish a new connection: [WinError 10051] A socket operation was attempted to an unreachable network'))

During handling of the above exception, another exception occurred:

Traceback (most recent call last):
  File "C:\Users\Prasanth\Desktop\webscrapper\venv\Lib\site-packages\webdriver_manager\core\http.py", line 32, in get
    resp = requests.get(
           ^^^^^^^^^^^^^
  File "C:\Users\Prasanth\Desktop\webscrapper\venv\Lib\site-packages\requests\api.py", line 73, in get
    return request("get", url, params=params, **kwargs)
           ^^^^^^^^^^^^^^^^^^^^^^^^^^^^^^^^^^^^^^^^^^^^
  File "C:\Users\Prasanth\Desktop\webscrapper\venv\Lib\site-packages\requests\api.py", line 59, in request
    return session.request(method=method, url=url, **kwargs)
           ^^^^^^^^^^^^^^^^^^^^^^^^^^^^^^^^^^^^^^^^^^^^^^^^^
  File "C:\Users\Prasanth\Desktop\webscrapper\venv\Lib\site-packages\requests\sessions.py", line 589, in request
    resp = self.send(prep, **send_kwargs)
           ^^^^^^^^^^^^^^^^^^^^^^^^^^^^^^
  File "C:\Users\Prasanth\Desktop\webscrapper\venv\Lib\site-packages\requests\sessions.py", line 703, in send
    r = adapter.send(request, **kwargs)
        ^^^^^^^^^^^^^^^^^^^^^^^^^^^^^^^
  File "C:\Users\Prasanth\Desktop\webscrapper\venv\Lib\site-packages\requests\adapters.py", line 700, in send
    raise ConnectionError(e, request=request)
requests.exceptions.ConnectionError: HTTPSConnectionPool(host='googlechromelabs.github.io', port=443): Max retries exceeded with url: /chrome-for-testing/latest-patch-versions-per-build.json (Caused by NewConnectionError('<urllib3.connection.HTTPSConnection object at 0x0000024C69CCBC10>: Failed to establish a new connection: [WinError 10051] A socket operation was attempted to an unreachable network'))

During handling of the above exception, another exception occurred:

Traceback (most recent call last):
  File "C:\Users\Prasanth\Desktop\webscrapper\job_scraper\backend\app\services\scraper_service.py", line 158, in init_driver
    service=Service(ChromeDriverManager().install()), options=chrome_options
                    ^^^^^^^^^^^^^^^^^^^^^^^^^^^^^^^
  File "C:\Users\Prasanth\Desktop\webscrapper\venv\Lib\site-packages\webdriver_manager\chrome.py", line 40, in install
    driver_path = self._get_driver_binary_path(self.driver)
                  ^^^^^^^^^^^^^^^^^^^^^^^^^^^^^^^^^^^^^^^^^
  File "C:\Users\Prasanth\Desktop\webscrapper\venv\Lib\site-packages\webdriver_manager\core\manager.py", line 35, in _get_driver_binary_path
    binary_path = self._cache_manager.find_driver(driver)
                  ^^^^^^^^^^^^^^^^^^^^^^^^^^^^^^^^^^^^^^^
  File "C:\Users\Prasanth\Desktop\webscrapper\venv\Lib\site-packages\webdriver_manager\core\driver_cache.py", line 107, in find_driver
    driver_version = self.get_cache_key_driver_version(driver)
                     ^^^^^^^^^^^^^^^^^^^^^^^^^^^^^^^^^^^^^^^^^
  File "C:\Users\Prasanth\Desktop\webscrapper\venv\Lib\site-packages\webdriver_manager\core\driver_cache.py", line 154, in get_cache_key_driver_version
    return driver.get_driver_version_to_download()
           ^^^^^^^^^^^^^^^^^^^^^^^^^^^^^^^^^^^^^^^
  File "C:\Users\Prasanth\Desktop\webscrapper\venv\Lib\site-packages\webdriver_manager\core\driver.py", line 48, in get_driver_version_to_download
    return self.get_latest_release_version()
           ^^^^^^^^^^^^^^^^^^^^^^^^^^^^^^^^^
  File "C:\Users\Prasanth\Desktop\webscrapper\venv\Lib\site-packages\webdriver_manager\drivers\chrome.py", line 59, in get_latest_release_version
    response = self._http_client.get(url)
               ^^^^^^^^^^^^^^^^^^^^^^^^^^
  File "C:\Users\Prasanth\Desktop\webscrapper\venv\Lib\site-packages\webdriver_manager\core\http.py", line 35, in get
    raise exceptions.ConnectionError(f"Could not reach host. Are you offline?")
requests.exceptions.ConnectionError: Could not reach host. Are you offline?

During handling of the above exception, another exception occurred:

Traceback (most recent call last):
  File "C:\Users\Prasanth\Desktop\webscrapper\job_scraper\backend\app\services\scraper_service.py", line 567, in scrape_jobs
    if not self.init_driver():
           ^^^^^^^^^^^^^^^^^^
  File "C:\Users\Prasanth\Desktop\webscrapper\job_scraper\backend\app\services\scraper_service.py", line 186, in init_driver
    raise ScraperException(f"Failed to initialize driver: {str(e)}")
app.utils.exceptions.ScraperException: Failed to initialize driver: Could not reach host. Are you offline?

2025-03-06 20:25:22 | WARNING | Attempt 2/3 failed: Job scraping failed: Failed to initialize driver: Could not reach host. Are you offline?
2025-03-06 20:25:28 | INFO | Accessing https://www.jobfound.org/
2025-03-06 20:25:39 | INFO | Attempting to load URL: https://www.jobfound.org/
2025-03-06 20:25:51 | INFO | Function collect_job_urls took 11.97 seconds
2025-03-06 20:25:51 | INFO | Found 20 job URLs
2025-03-06 20:26:23 | INFO | Successfully scraped job: Intern
2025-03-06 20:26:36 | INFO | Successfully scraped job: Backend Intern
2025-03-06 20:26:43 | INFO | Successfully scraped job: Web Designer
2025-03-06 20:26:47 | INFO | Successfully scraped job: Frontend Developer
2025-03-06 20:26:52 | INFO | Successfully scraped job: Software Engineer I
2025-03-06 20:26:56 | INFO | Successfully scraped job: Frontend Software Engineer
2025-03-06 20:27:02 | INFO | Successfully scraped job: Software Engineer Intern
2025-03-06 20:27:12 | INFO | Successfully scraped job: Frontend Developer Intern
2025-03-06 20:27:21 | INFO | Successfully scraped job: Associate Software Engineer
2025-03-06 20:27:25 | INFO | Successfully scraped job: SDE 1 - Backend
2025-03-06 20:27:30 | INFO | Successfully scraped job: Frontend Developer-1
2025-03-06 20:27:35 | INFO | Successfully scraped job: Backend Developer Intern
2025-03-06 20:27:39 | INFO | Successfully scraped job: Full Stack Engineer
2025-03-06 20:27:43 | INFO | Successfully scraped job: Frontend Engineer
2025-03-06 20:27:49 | INFO | Successfully scraped job: Associate Software Developer
2025-03-06 20:27:54 | INFO | Successfully scraped job: Trainee Engineer-Software
2025-03-06 20:28:02 | INFO | Successfully scraped job: Assoc. Software Engineer
2025-03-06 20:28:06 | INFO | Successfully scraped job: Junior Software Developer
2025-03-06 20:28:12 | INFO | Successfully scraped job: Junior Software Engineer
2025-03-06 20:28:16 | INFO | Function scrape_jobs took 172.42 seconds
2025-03-06 20:28:16 | INFO | Found 19 jobs from scraping source: JobFound Portal
2025-03-06 20:28:16 | ERROR | Error processing jobs for source JobFound Portal: (psycopg2.OperationalError) server closed the connection unexpectedly
	This probably means the server terminated abnormally
	before or while processing the request.
server closed the connection unexpectedly
	This probably means the server terminated abnormally
	before or while processing the request.

[SQL: SELECT jobs.id AS jobs_id, jobs.job_title AS jobs_job_title, jobs.company_name AS jobs_company_name, jobs.job_type AS jobs_job_type, jobs.category AS jobs_category, jobs.salary AS jobs_salary, jobs.experience AS jobs_experience, jobs.location AS jobs_location, jobs.description AS jobs_description, jobs.detail_url AS jobs_detail_url, jobs.apply_link AS jobs_apply_link, jobs.posting_date AS jobs_posting_date, jobs.created_at AS jobs_created_at, jobs.updated_at AS jobs_updated_at 
FROM jobs 
WHERE jobs.detail_url = %(detail_url_1)s 
 LIMIT %(param_1)s]
[parameters: {'detail_url_1': 'https://www.jobfound.org/job/johnson-controls-is-hiring-for-intern-or-pune-software-engineer', 'param_1': 1}]
(Background on this error at: https://sqlalche.me/e/20/e3q8)
2025-03-06 20:28:37 | ERROR | Error in scrape_and_process_jobs: This Session's transaction has been rolled back due to a previous exception during flush. To begin a new transaction with this Session, first issue Session.rollback(). Original exception was: Can't reconnect until invalid transaction is rolled back.  Please rollback() fully before proceeding (Background on this error at: https://sqlalche.me/e/20/8s2b) (Background on this error at: https://sqlalche.me/e/20/7s2a)
2025-03-06 20:28:37 | ERROR | Error closing database connection: This Session's transaction has been rolled back due to a previous exception during flush. To begin a new transaction with this Session, first issue Session.rollback(). Original exception was: Can't reconnect until invalid transaction is rolled back.  Please rollback() fully before proceeding (Background on this error at: https://sqlalche.me/e/20/8s2b) (Background on this error at: https://sqlalche.me/e/20/7s2a)
2025-03-06 20:28:37 | ERROR | Function scrape_and_process_jobs failed after 40607.07 seconds: This Session's transaction has been rolled back due to a previous exception during flush. To begin a new transaction with this Session, first issue Session.rollback(). Original exception was: Can't reconnect until invalid transaction is rolled back.  Please rollback() fully before proceeding (Background on this error at: https://sqlalche.me/e/20/8s2b) (Background on this error at: https://sqlalche.me/e/20/7s2a)
2025-03-06 20:28:37 | WARNING | Attempt 1/3 failed: This Session's transaction has been rolled back due to a previous exception during flush. To begin a new transaction with this Session, first issue Session.rollback(). Original exception was: Can't reconnect until invalid transaction is rolled back.  Please rollback() fully before proceeding (Background on this error at: https://sqlalche.me/e/20/8s2b) (Background on this error at: https://sqlalche.me/e/20/7s2a)
2025-03-06 20:28:39 | INFO | Starting job scraping at 2025-03-06 20:28:39.347800 for source_id: None
2025-03-06 20:28:40 | INFO | Found 2 active sources to scrape
2025-03-06 20:28:40 | INFO | Processing source: JobFound Portal (ID: 1)
2025-03-06 20:28:43 | INFO | Accessing https://www.jobfound.org/
2025-03-06 20:28:50 | INFO | Attempting to load URL: https://www.jobfound.org/
2025-03-06 20:29:08 | INFO | Function collect_job_urls took 18.30 seconds
2025-03-06 20:29:08 | INFO | Found 20 job URLs
2025-03-06 20:29:37 | INFO | Successfully scraped job: Intern
2025-03-06 20:29:56 | INFO | Successfully scraped job: Backend Intern
2025-03-06 20:30:01 | INFO | Successfully scraped job: Web Designer
2025-03-06 20:30:04 | INFO | Successfully scraped job: Frontend Developer
2025-03-06 20:30:08 | INFO | Successfully scraped job: Software Engineer I
2025-03-06 20:30:12 | INFO | Successfully scraped job: Frontend Software Engineer
2025-03-06 20:30:16 | INFO | Successfully scraped job: Software Engineer Intern
2025-03-06 20:30:22 | INFO | Successfully scraped job: Frontend Developer Intern
2025-03-06 20:30:29 | INFO | Successfully scraped job: Associate Software Engineer
2025-03-06 20:30:33 | INFO | Successfully scraped job: SDE 1 - Backend
2025-03-06 20:30:37 | INFO | Successfully scraped job: Frontend Developer-1
2025-03-06 20:30:41 | INFO | Successfully scraped job: Backend Developer Intern
2025-03-06 20:30:45 | INFO | Successfully scraped job: Full Stack Engineer
2025-03-06 20:30:50 | INFO | Successfully scraped job: Frontend Engineer
2025-03-06 20:30:55 | INFO | Successfully scraped job: Associate Software Developer
2025-03-06 20:31:00 | INFO | Successfully scraped job: Trainee Engineer-Software
2025-03-06 20:31:07 | INFO | Successfully scraped job: Assoc. Software Engineer
2025-03-06 20:31:11 | INFO | Successfully scraped job: Junior Software Developer
2025-03-06 20:31:16 | INFO | Successfully scraped job: Junior Software Engineer
2025-03-06 20:31:19 | INFO | Function scrape_jobs took 159.16 seconds
2025-03-06 20:31:19 | INFO | Found 19 jobs from scraping source: JobFound Portal
2025-03-06 20:31:20 | INFO | Found 13 new jobs to store from source: JobFound Portal
2025-03-06 20:31:41 | INFO | Processing source: JobFound Portal for Remote Job (ID: 2)
2025-03-06 20:31:44 | INFO | Accessing https://www.jobfound.org/remote
2025-03-06 20:31:48 | INFO | Attempting to load URL: https://www.jobfound.org/remote
2025-03-06 20:31:52 | INFO | Function collect_job_urls took 4.32 seconds
2025-03-06 20:31:52 | INFO | Found 20 job URLs
2025-03-06 20:32:20 | INFO | Successfully scraped job: Software Engineer Intern
2025-03-06 20:32:26 | INFO | Successfully scraped job: Software Engineering Intern
2025-03-06 20:32:32 | INFO | Successfully scraped job: Software Developer
2025-03-06 20:32:37 | INFO | Successfully scraped job: Software Engineering Intern
2025-03-06 20:32:43 | INFO | Successfully scraped job: Associate Software Engineer
2025-03-06 20:32:48 | INFO | Successfully scraped job: Software Engineer Intern
2025-03-06 20:32:51 | INFO | Successfully scraped job: Frontend Engineer
2025-03-06 20:33:00 | INFO | Successfully scraped job: Senior Frontend Developer
2025-03-06 20:33:08 | INFO | Successfully scraped job: Web Developer
2025-03-06 20:33:14 | INFO | Successfully scraped job: Frontend Engineer
2025-03-06 20:33:19 | INFO | Successfully scraped job: Junior Frontend Developer
2025-03-06 20:33:25 | INFO | Successfully scraped job: Software Engineer
2025-03-06 20:33:31 | INFO | Successfully scraped job: Intern - Software Engineering
2025-03-06 20:33:39 | INFO | Successfully scraped job: Software Engineer
2025-03-06 20:33:43 | INFO | Successfully scraped job: Software Engineer Intern
2025-03-06 20:33:53 | INFO | Function scrape_jobs took 132.28 seconds
2025-03-06 20:33:53 | INFO | Found 15 jobs from scraping source: JobFound Portal for Remote Job
2025-03-06 20:33:54 | INFO | Found 9 new jobs to store from source: JobFound Portal for Remote Job
2025-03-06 20:34:22 | INFO | Email sent successfully to prasanthranger09@gmail.com
2025-03-06 20:34:23 | INFO | Function scrape_and_process_jobs took 343.68 seconds
2025-03-06 20:34:23 | INFO | Starting scraping task for source_id: None
2025-03-06 20:34:23 | INFO | Starting job scraping at 2025-03-06 20:34:23.122119 for source_id: None
2025-03-06 20:34:23 | INFO | Found 2 active sources to scrape
2025-03-06 20:34:23 | INFO | Processing source: JobFound Portal (ID: 1)
2025-03-06 20:34:38 | INFO | Accessing https://www.jobfound.org/
2025-03-06 20:34:44 | INFO | Attempting to load URL: https://www.jobfound.org/
2025-03-06 20:35:03 | INFO | Function collect_job_urls took 19.69 seconds
2025-03-06 20:35:03 | INFO | Found 20 job URLs
2025-03-06 20:35:32 | INFO | Successfully scraped job: Intern
2025-03-06 20:35:50 | INFO | Successfully scraped job: Backend Intern
2025-03-06 20:35:53 | INFO | Successfully scraped job: Web Designer
2025-03-06 20:35:56 | INFO | Successfully scraped job: Frontend Developer
2025-03-06 20:36:01 | INFO | Successfully scraped job: Software Engineer I
2025-03-06 20:36:04 | INFO | Successfully scraped job: Frontend Software Engineer
2025-03-06 20:36:06 | INFO | Successfully scraped job: Software Engineer Intern
2025-03-06 20:36:09 | INFO | Successfully scraped job: Frontend Developer Intern
2025-03-06 20:36:13 | INFO | Successfully scraped job: Associate Software Engineer
2025-03-06 20:36:16 | INFO | Successfully scraped job: SDE 1 - Backend
2025-03-06 20:36:19 | INFO | Successfully scraped job: Frontend Developer-1
2025-03-06 20:36:21 | INFO | Successfully scraped job: Backend Developer Intern
2025-03-06 20:36:24 | INFO | Successfully scraped job: Full Stack Engineer
2025-03-06 20:36:27 | INFO | Successfully scraped job: Frontend Engineer
2025-03-06 20:36:29 | INFO | Successfully scraped job: Associate Software Developer
2025-03-06 20:36:32 | INFO | Successfully scraped job: Trainee Engineer-Software
2025-03-06 20:36:35 | INFO | Successfully scraped job: Assoc. Software Engineer
2025-03-06 20:36:38 | INFO | Successfully scraped job: Junior Software Developer
2025-03-06 20:36:42 | INFO | Successfully scraped job: Junior Software Engineer
2025-03-06 20:36:45 | INFO | Function scrape_jobs took 142.13 seconds
2025-03-06 20:36:45 | INFO | Found 19 jobs from scraping source: JobFound Portal
2025-03-06 20:36:46 | INFO | Found 0 new jobs to store from source: JobFound Portal
2025-03-06 20:37:06 | INFO | Processing source: JobFound Portal for Remote Job (ID: 2)
2025-03-06 20:37:10 | INFO | Accessing https://www.jobfound.org/remote
2025-03-06 20:37:21 | INFO | Attempting to load URL: https://www.jobfound.org/remote
2025-03-06 20:37:26 | INFO | Function collect_job_urls took 4.36 seconds
2025-03-06 20:37:26 | INFO | Found 20 job URLs
2025-03-06 20:37:51 | INFO | Successfully scraped job: Software Engineer Intern
2025-03-06 20:37:58 | INFO | Successfully scraped job: Software Engineering Intern
2025-03-06 20:38:02 | INFO | Successfully scraped job: Software Developer
2025-03-06 20:38:06 | INFO | Successfully scraped job: Software Engineering Intern
2025-03-06 20:38:11 | INFO | Successfully scraped job: Associate Software Engineer
2025-03-06 20:38:17 | INFO | Successfully scraped job: Software Engineer Intern
2025-03-06 20:38:20 | INFO | Successfully scraped job: Frontend Engineer
2025-03-06 20:38:24 | INFO | Successfully scraped job: Senior Frontend Developer
2025-03-06 20:38:32 | INFO | Successfully scraped job: Web Developer
2025-03-06 20:38:39 | INFO | Successfully scraped job: Frontend Engineer
2025-03-06 20:38:44 | INFO | Successfully scraped job: Junior Frontend Developer
2025-03-06 20:38:47 | INFO | Successfully scraped job: Software Engineer
2025-03-06 20:38:53 | INFO | Successfully scraped job: Intern - Software Engineering
2025-03-06 20:38:59 | INFO | Successfully scraped job: Software Engineer
2025-03-06 20:39:03 | INFO | Successfully scraped job: Software Engineer Intern
2025-03-06 20:39:13 | INFO | Function scrape_jobs took 126.95 seconds
2025-03-06 20:39:13 | INFO | Found 15 jobs from scraping source: JobFound Portal for Remote Job
2025-03-06 20:39:14 | INFO | Found 0 new jobs to store from source: JobFound Portal for Remote Job
2025-03-06 20:39:40 | INFO | Email sent successfully to prasanthranger09@gmail.com
2025-03-06 20:39:40 | INFO | Function scrape_and_process_jobs took 317.18 seconds
2025-03-08 13:57:04 | INFO | Starting job scraping at 2025-03-08 13:57:04.472188 for source_id: None
2025-03-08 13:57:04 | INFO | Found 2 active sources to scrape
2025-03-08 13:57:04 | INFO | Processing source: JobFound Portal (ID: 1)
2025-03-08 13:57:19 | INFO | Accessing https://www.jobfound.org/
2025-03-08 13:57:21 | INFO | Attempting to load URL: https://www.jobfound.org/
2025-03-08 13:57:37 | INFO | Function collect_job_urls took 15.45 seconds
2025-03-08 13:57:37 | INFO | Found 20 job URLs
2025-03-08 13:58:02 | INFO | Successfully scraped job: Junior Software developer
2025-03-08 13:58:06 | INFO | Successfully scraped job: Frontend Developer
2025-03-08 13:58:09 | INFO | Successfully scraped job: Exciting Opportunity! Join Tata Crucible Corporate Quiz 2025
2025-03-08 13:58:13 | INFO | Successfully scraped job: Software Engineer
2025-03-08 13:58:21 | INFO | Successfully scraped job: Software Engineer
2025-03-08 13:58:28 | INFO | Successfully scraped job: Software Development Intern
2025-03-08 13:58:35 | INFO | Successfully scraped job: Software Intern
2025-03-08 13:58:43 | INFO | Successfully scraped job: Software Engineering Intern
2025-03-08 13:58:48 | INFO | Successfully scraped job: Software Engineer
2025-03-08 13:58:51 | INFO | Successfully scraped job: Software Developer Intern
2025-03-08 13:58:58 | INFO | Successfully scraped job: Software Engineer - I
2025-03-08 13:59:02 | INFO | Successfully scraped job: Frontend Developer
2025-03-08 13:59:06 | INFO | Successfully scraped job: UI/UX Designer Intern
2025-03-08 13:59:10 | INFO | Successfully scraped job: SDE 1
2025-03-08 13:59:17 | INFO | Successfully scraped job: Associate Software Engineer
2025-03-08 13:59:19 | INFO | Successfully scraped job: SDE 1-QA
2025-03-08 13:59:25 | INFO | Successfully scraped job: Web Developer I
2025-03-08 13:59:30 | INFO | Successfully scraped job: Graduate Engineer Intern
2025-03-08 13:59:35 | INFO | Function scrape_jobs took 151.13 seconds
2025-03-08 13:59:35 | INFO | Found 18 jobs from scraping source: JobFound Portal
2025-03-08 13:59:36 | INFO | Found 18 new jobs to store from source: JobFound Portal
2025-03-08 13:59:56 | INFO | Processing source: JobFound Portal for Remote Job (ID: 2)
2025-03-08 13:59:59 | INFO | Accessing https://www.jobfound.org/remote
2025-03-08 14:00:01 | INFO | Attempting to load URL: https://www.jobfound.org/remote
2025-03-08 14:00:05 | INFO | Function collect_job_urls took 4.25 seconds
2025-03-08 14:00:05 | INFO | Found 20 job URLs
2025-03-08 14:00:11 | INFO | Successfully scraped job: Intern
2025-03-08 14:00:18 | INFO | Successfully scraped job: Associate Software Engineer
2025-03-08 14:00:26 | INFO | Successfully scraped job: Summer Intern Developer Specialist I
2025-03-08 14:00:32 | INFO | Successfully scraped job: Software Engineering Intern
2025-03-08 14:00:40 | INFO | Successfully scraped job: Technology - Summer Intern
2025-03-08 14:00:45 | INFO | Successfully scraped job: Backend Engineer
2025-03-08 14:00:49 | INFO | Successfully scraped job: Full Stack Engineer
2025-03-08 14:00:54 | INFO | Successfully scraped job: QA Engineer I
2025-03-08 14:01:09 | INFO | Successfully scraped job: Associate Software Development Engineer
2025-03-08 14:01:18 | INFO | Successfully scraped job: UX UI Design Intern
2025-03-08 14:01:24 | INFO | Successfully scraped job: Summer 2025 Intern
2025-03-08 14:01:27 | INFO | Successfully scraped job: Intern, Software Engineer
2025-03-08 14:01:30 | INFO | Successfully scraped job: Web Developer
2025-03-08 14:01:32 | INFO | Successfully scraped job: UI / Visual Designer
2025-03-08 14:01:42 | INFO | Successfully scraped job: Front End Developer
2025-03-08 14:01:45 | INFO | Successfully scraped job: Front-End Developer
2025-03-08 14:01:47 | INFO | Successfully scraped job: Full-Stack Web Developer
2025-03-08 14:01:49 | INFO | Successfully scraped job: Web Developer
2025-03-08 14:01:51 | INFO | Successfully scraped job: Engineer Intern
2025-03-08 14:01:54 | INFO | Successfully scraped job: Software Engineer
2025-03-08 14:01:57 | INFO | Function scrape_jobs took 120.62 seconds
2025-03-08 14:01:57 | INFO | Found 20 jobs from scraping source: JobFound Portal for Remote Job
2025-03-08 14:01:57 | INFO | Found 20 new jobs to store from source: JobFound Portal for Remote Job
2025-03-08 14:02:23 | INFO | Email sent successfully to prasanthranger09@gmail.com
2025-03-08 14:02:23 | INFO | Function scrape_and_process_jobs took 319.12 seconds
2025-03-09 19:12:14 | INFO | Application shutdown completed successfully
2025-03-09 19:12:24 | INFO | Scheduler initialized successfully
2025-03-09 19:12:24 | INFO | Application startup completed successfully
2025-03-09 22:47:27 | INFO | Starting job scraping at 2025-03-09 22:47:27.387754 for source_id: None
2025-03-09 22:47:28 | INFO | Found 2 active sources to scrape
2025-03-09 22:47:28 | INFO | Processing source: JobFound Portal (ID: 1)
2025-03-09 22:47:53 | INFO | Accessing https://www.jobfound.org/
2025-03-09 22:47:59 | INFO | Attempting to load URL: https://www.jobfound.org/
2025-03-09 22:48:16 | INFO | Function collect_job_urls took 16.86 seconds
2025-03-09 22:48:16 | INFO | Found 20 job URLs
2025-03-09 22:48:50 | INFO | Successfully scraped job: Full Stack Engineer Intern
2025-03-09 22:48:54 | INFO | Successfully scraped job: Full Stack Developer
2025-03-09 22:49:20 | INFO | Successfully scraped job: Digital Web Developer
2025-03-09 22:49:24 | INFO | Successfully scraped job: Developer Intern
2025-03-09 22:49:34 | INFO | Successfully scraped job: Software Engineer, Emerging Talent
2025-03-09 22:49:38 | INFO | Successfully scraped job: SDE-1
2025-03-09 22:49:47 | INFO | Successfully scraped job: Associate Software Engineer
2025-03-09 22:49:50 | INFO | Successfully scraped job: Frontend Developer Intern
2025-03-09 22:49:58 | INFO | Successfully scraped job: Product Engineer
2025-03-09 22:50:02 | INFO | Successfully scraped job: Fresher : Software Engineer
2025-03-09 22:50:04 | INFO | Successfully scraped job: Software Engineer
2025-03-09 22:50:07 | INFO | Successfully scraped job: Junior Software Engineer
2025-03-09 22:50:09 | INFO | Successfully scraped job: Intern - Software Engineer
2025-03-09 22:50:13 | INFO | Successfully scraped job: Frontend Developer (React, Next.js)
2025-03-09 22:50:15 | INFO | Successfully scraped job: Software Engineer
2025-03-09 22:50:20 | INFO | Successfully scraped job: Software Engineer - I
2025-03-09 22:50:23 | INFO | Successfully scraped job: Full-Stack Developer
2025-03-09 22:50:30 | INFO | Successfully scraped job: Software Developer
2025-03-09 22:50:33 | INFO | Successfully scraped job: Frontend Developer Intern
2025-03-09 22:50:36 | INFO | Function scrape_jobs took 188.01 seconds
2025-03-09 22:50:36 | INFO | Found 19 jobs from scraping source: JobFound Portal
2025-03-09 22:50:37 | INFO | Found 19 new jobs to store from source: JobFound Portal
2025-03-09 22:50:59 | INFO | Processing source: JobFound Portal for Remote Job (ID: 2)
2025-03-09 22:51:02 | INFO | Accessing https://www.jobfound.org/remote
2025-03-09 22:51:07 | INFO | Attempting to load URL: https://www.jobfound.org/remote
2025-03-09 22:51:12 | INFO | Function collect_job_urls took 4.76 seconds
2025-03-09 22:51:12 | INFO | Found 20 job URLs
2025-03-09 22:51:42 | INFO | Successfully scraped job: Software Engineering - Intern
2025-03-09 22:51:50 | INFO | Successfully scraped job: 2025 Intern - Software Engineer
2025-03-09 22:51:57 | INFO | Successfully scraped job: Software Development in Test Intern
2025-03-09 22:52:13 | INFO | Successfully scraped job: IT Systems Engineer
2025-03-09 22:52:17 | INFO | Successfully scraped job: Software Engineer - Summer Internship
2025-03-09 22:52:42 | INFO | Successfully scraped job: Machine Learning Engineer Intern
2025-03-09 22:52:45 | INFO | Successfully scraped job: Front-end Developer
2025-03-09 22:52:47 | INFO | Successfully scraped job: Frontend Developer
2025-03-09 22:52:51 | INFO | Successfully scraped job: Software Engineer
2025-03-09 22:52:54 | INFO | Successfully scraped job: Intern
2025-03-09 22:53:07 | INFO | Successfully scraped job: Associate Software Engineer
2025-03-09 22:53:09 | INFO | Successfully scraped job: Summer Intern Developer Specialist I
2025-03-09 22:53:20 | INFO | Successfully scraped job: Software Engineering Intern
2025-03-09 22:53:27 | INFO | Successfully scraped job: Technology - Summer Intern
2025-03-09 22:53:36 | INFO | Successfully scraped job: Backend Engineer
2025-03-09 22:53:40 | INFO | Successfully scraped job: Full Stack Engineer
2025-03-09 22:53:44 | INFO | Successfully scraped job: QA Engineer I
2025-03-09 22:53:49 | INFO | Function scrape_jobs took 170.40 seconds
2025-03-09 22:53:49 | INFO | Found 17 jobs from scraping source: JobFound Portal for Remote Job
2025-03-09 22:53:51 | INFO | Found 9 new jobs to store from source: JobFound Portal for Remote Job
2025-03-09 22:54:23 | INFO | Email sent successfully to prasanthranger09@gmail.com
2025-03-09 22:54:23 | INFO | Function scrape_and_process_jobs took 415.93 seconds
2025-03-10 21:58:54 | INFO | Starting job scraping at 2025-03-10 21:58:54.893188 for source_id: None
2025-03-10 21:58:55 | INFO | Found 2 active sources to scrape
2025-03-10 21:58:56 | INFO | Processing source: JobFound Portal (ID: 1)
2025-03-10 21:59:15 | INFO | Accessing https://www.jobfound.org/
2025-03-10 21:59:29 | INFO | Attempting to load URL: https://www.jobfound.org/
2025-03-10 21:59:58 | INFO | Function collect_job_urls took 28.74 seconds
2025-03-10 21:59:58 | INFO | Found 20 job URLs
2025-03-10 22:00:22 | INFO | Successfully scraped job: Software Engineer
2025-03-10 22:00:26 | INFO | Successfully scraped job: Software Engineer
2025-03-10 22:00:37 | INFO | Successfully scraped job: Cloud DevOps Engineer
2025-03-10 22:00:43 | INFO | Successfully scraped job: Associate Software Engineer
2025-03-10 22:00:45 | INFO | Successfully scraped job: Frontend Developer
2025-03-10 22:00:48 | INFO | Successfully scraped job: Associate Engineer
2025-03-10 22:00:53 | INFO | Successfully scraped job: Software Development Engineer
2025-03-10 22:00:56 | INFO | Successfully scraped job: Jr Eng Software Eng
2025-03-10 22:01:00 | INFO | Successfully scraped job: Software Development Engineer
2025-03-10 22:01:07 | INFO | Successfully scraped job: Software Engineer Intern
2025-03-10 22:01:10 | INFO | Successfully scraped job: Graduate Software Engineer
2025-03-10 22:01:13 | INFO | Successfully scraped job: Software Engineer Intern
2025-03-10 22:01:16 | INFO | Successfully scraped job: Data Engineer Associate
2025-03-10 22:01:20 | INFO | Successfully scraped job: Full Stack Engineer Intern
2025-03-10 22:01:23 | INFO | Successfully scraped job: Full Stack Developer
2025-03-10 22:01:26 | INFO | Successfully scraped job: Digital Web Developer
2025-03-10 22:01:33 | INFO | Successfully scraped job: Developer Intern
2025-03-10 22:01:37 | INFO | Successfully scraped job: Software Engineer, Emerging Talent
2025-03-10 22:01:39 | INFO | Successfully scraped job: SDE-1
2025-03-10 22:01:43 | INFO | Successfully scraped job: Associate Software Engineer
2025-03-10 22:01:47 | INFO | Function scrape_jobs took 171.20 seconds
2025-03-10 22:01:47 | INFO | Found 20 jobs from scraping source: JobFound Portal
2025-03-10 22:01:48 | INFO | Found 13 new jobs to store from source: JobFound Portal
2025-03-10 22:02:09 | INFO | Processing source: JobFound Portal for Remote Job (ID: 2)
2025-03-10 22:02:17 | INFO | Accessing https://www.jobfound.org/remote
2025-03-10 22:02:20 | INFO | Attempting to load URL: https://www.jobfound.org/remote
2025-03-10 22:02:25 | INFO | Function collect_job_urls took 4.56 seconds
2025-03-10 22:02:25 | INFO | Found 20 job URLs
2025-03-10 22:02:53 | INFO | Successfully scraped job: Software Developer: Generative AI
2025-03-10 22:03:02 | INFO | Successfully scraped job: Software Engineering - Intern
2025-03-10 22:03:11 | INFO | Successfully scraped job: 2025 Intern - Software Engineer
2025-03-10 22:03:23 | INFO | Successfully scraped job: Software Development in Test Intern
2025-03-10 22:03:47 | INFO | Successfully scraped job: Software Engineer - Summer Internship
2025-03-10 22:04:13 | INFO | Successfully scraped job: Machine Learning Engineer Intern
2025-03-10 22:04:45 | INFO | Function scrape_jobs took 155.58 seconds
2025-03-10 22:04:45 | INFO | Found 6 jobs from scraping source: JobFound Portal for Remote Job
2025-03-10 22:04:45 | INFO | Found 1 new jobs to store from source: JobFound Portal for Remote Job
2025-03-10 22:05:11 | INFO | Email sent successfully to prasanthranger09@gmail.com
2025-03-10 22:05:11 | INFO | Function scrape_and_process_jobs took 376.74 seconds
2025-03-11 07:49:54 | INFO | Application shutdown completed successfully
2025-03-11 07:50:05 | INFO | Scheduler initialized successfully
2025-03-11 07:50:05 | INFO | Application startup completed successfully
2025-03-11 22:17:13 | INFO | Starting job scraping at 2025-03-11 22:17:13.831095 for source_id: None
2025-03-11 22:17:14 | INFO | Found 2 active sources to scrape
2025-03-11 22:17:15 | INFO | Processing source: JobFound Portal (ID: 1)
2025-03-11 22:17:53 | INFO | Accessing https://www.jobfound.org/
2025-03-11 22:18:02 | INFO | Attempting to load URL: https://www.jobfound.org/
2025-03-11 22:18:20 | INFO | Function collect_job_urls took 18.09 seconds
2025-03-11 22:18:20 | INFO | Found 20 job URLs
2025-03-11 22:18:52 | INFO | Successfully scraped job: Full Stack Developer, Intern
2025-03-11 22:18:57 | INFO | Successfully scraped job: Software Engineer Intern
2025-03-11 22:19:12 | INFO | Successfully scraped job: Associate Software Engineer
2025-03-11 22:19:15 | INFO | Successfully scraped job: Software Engineer
2025-03-11 22:19:27 | INFO | Successfully scraped job: SDE I - Frontend
2025-03-11 22:19:48 | INFO | Successfully scraped job: Frontend Engineer
2025-03-11 22:19:52 | INFO | Successfully scraped job: Full Stack Developer
2025-03-11 22:19:56 | INFO | Successfully scraped job: QA Engineer, Software
2025-03-11 22:20:00 | INFO | Successfully scraped job: Backend Software Intern (NodeJS & Typescript)
2025-03-11 22:20:03 | INFO | Successfully scraped job: Associate Software Engineer
2025-03-11 22:20:10 | INFO | Successfully scraped job: Mern Stack Developer
2025-03-11 22:20:25 | INFO | Successfully scraped job: Intern - Engineering
2025-03-11 22:20:29 | INFO | Successfully scraped job: Front End Engineer
2025-03-11 22:20:33 | INFO | Successfully scraped job: Software Engineer
2025-03-11 22:20:37 | INFO | Successfully scraped job: Software Engineer
2025-03-11 22:21:10 | INFO | Successfully scraped job: Cloud DevOps Engineer
2025-03-11 22:21:17 | INFO | Successfully scraped job: Associate Software Engineer
2025-03-11 22:21:22 | INFO | Successfully scraped job: Frontend Developer
2025-03-11 22:21:24 | INFO | Successfully scraped job: Associate Engineer
2025-03-11 22:21:27 | INFO | Function scrape_jobs took 252.21 seconds
2025-03-11 22:21:27 | INFO | Found 19 jobs from scraping source: JobFound Portal
2025-03-11 22:21:28 | INFO | Found 13 new jobs to store from source: JobFound Portal
2025-03-11 22:21:51 | INFO | Processing source: JobFound Portal for Remote Job (ID: 2)
2025-03-11 22:21:55 | INFO | Accessing https://www.jobfound.org/remote
2025-03-11 22:22:25 | WARNING | Page load failed for https://www.jobfound.org/remote: Message: timeout: Timed out receiving message from renderer: 28.278
  (Session info: chrome=133.0.6943.143)
Stacktrace:
	GetHandleVerifier [0x002E0B43+25139]
	(No symbol) [0x002713F4]
	(No symbol) [0x001504E3]
	(No symbol) [0x0014116B]
	(No symbol) [0x00140EA1]
	(No symbol) [0x0013ED80]
	(No symbol) [0x0013F92D]
	(No symbol) [0x0014BDF9]
	(No symbol) [0x0015D2B5]
	(No symbol) [0x00162BA6]
	(No symbol) [0x0013FF3D]
	(No symbol) [0x0015D07E]
	(No symbol) [0x001DEA66]
	(No symbol) [0x001BCDC6]
	(No symbol) [0x0018BDE9]
	(No symbol) [0x0018D124]
	GetHandleVerifier [0x005E4373+3185251]
	GetHandleVerifier [0x0060291A+3309578]
	GetHandleVerifier [0x005FCF42+3286578]
	GetHandleVerifier [0x00377AE0+643536]
	(No symbol) [0x0027A20D]
	(No symbol) [0x002770B8]
	(No symbol) [0x00277257]
	(No symbol) [0x00269E00]
	BaseThreadInitThunk [0x75FE5D49+25]
	RtlInitializeExceptionChain [0x7783CDEB+107]
	RtlGetAppContainerNamedObjectPath [0x7783CD71+561]
	(No symbol) [0x00000000]

2025-03-11 22:22:25 | WARNING | Attempt 1/2 failed: Message: timeout: Timed out receiving message from renderer: 28.278
  (Session info: chrome=133.0.6943.143)
Stacktrace:
	GetHandleVerifier [0x002E0B43+25139]
	(No symbol) [0x002713F4]
	(No symbol) [0x001504E3]
	(No symbol) [0x0014116B]
	(No symbol) [0x00140EA1]
	(No symbol) [0x0013ED80]
	(No symbol) [0x0013F92D]
	(No symbol) [0x0014BDF9]
	(No symbol) [0x0015D2B5]
	(No symbol) [0x00162BA6]
	(No symbol) [0x0013FF3D]
	(No symbol) [0x0015D07E]
	(No symbol) [0x001DEA66]
	(No symbol) [0x001BCDC6]
	(No symbol) [0x0018BDE9]
	(No symbol) [0x0018D124]
	GetHandleVerifier [0x005E4373+3185251]
	GetHandleVerifier [0x0060291A+3309578]
	GetHandleVerifier [0x005FCF42+3286578]
	GetHandleVerifier [0x00377AE0+643536]
	(No symbol) [0x0027A20D]
	(No symbol) [0x002770B8]
	(No symbol) [0x00277257]
	(No symbol) [0x00269E00]
	BaseThreadInitThunk [0x75FE5D49+25]
	RtlInitializeExceptionChain [0x7783CDEB+107]
	RtlGetAppContainerNamedObjectPath [0x7783CD71+561]
	(No symbol) [0x00000000]

2025-03-11 22:22:38 | INFO | Attempting to load URL: https://www.jobfound.org/remote
2025-03-11 22:22:43 | INFO | Function collect_job_urls took 5.02 seconds
2025-03-11 22:22:43 | INFO | Found 20 job URLs
2025-03-11 22:23:15 | INFO | Successfully scraped job: Frontend Developer
2025-03-11 22:23:22 | INFO | Successfully scraped job: Lead Full-Stack SW Engineer & Partner
2025-03-11 22:23:39 | INFO | Successfully scraped job: Full-Stack Engineer (Front-End Leaning)
2025-03-11 22:23:44 | INFO | Successfully scraped job: Frontend Engineer
2025-03-11 22:23:49 | INFO | Successfully scraped job: Software Developer
2025-03-11 22:24:02 | INFO | Successfully scraped job: Web Developer
2025-03-11 22:24:05 | INFO | Successfully scraped job: Software Developer
2025-03-11 22:24:10 | INFO | Successfully scraped job: Software Engineer Intern
2025-03-11 22:24:16 | INFO | Successfully scraped job: Artificial Intelligence Intern
2025-03-11 22:25:08 | INFO | Function scrape_jobs took 197.33 seconds
2025-03-11 22:25:08 | INFO | Found 9 jobs from scraping source: JobFound Portal for Remote Job
2025-03-11 22:25:08 | INFO | Found 9 new jobs to store from source: JobFound Portal for Remote Job
2025-03-11 22:25:38 | INFO | Email sent successfully to prasanthranger09@gmail.com
2025-03-11 22:25:38 | INFO | Function scrape_and_process_jobs took 504.81 seconds
2025-03-11 22:35:19 | INFO | Application shutdown completed successfully
2025-03-11 22:48:18 | INFO | Scheduler initialized successfully
2025-03-11 22:48:18 | INFO | Application startup completed successfully
2025-03-11 23:24:29 | INFO | Scheduler initialized successfully
2025-03-11 23:24:29 | INFO | Application startup completed successfully
2025-03-12 00:02:43 | INFO | Scheduler initialized successfully
2025-03-12 00:02:43 | INFO | Application startup completed successfully
2025-03-12 23:41:03 | INFO | Starting job scraping at 2025-03-12 23:41:03.559984 for source_id: None
2025-03-12 23:41:05 | INFO | Found 2 active sources to scrape
2025-03-12 23:41:05 | INFO | Processing source: JobFound Portal (ID: 1)
2025-03-12 23:42:00 | INFO | Accessing https://www.jobfound.org/
2025-03-12 23:42:07 | INFO | Attempting to load URL: https://www.jobfound.org/
2025-03-12 23:42:23 | INFO | Function collect_job_urls took 16.13 seconds
2025-03-12 23:42:23 | INFO | Found 20 job URLs
2025-03-12 23:42:51 | INFO | Successfully scraped job: Web Developer
2025-03-12 23:42:58 | INFO | Successfully scraped job: Backend Developer
2025-03-12 23:43:04 | INFO | Successfully scraped job: Software Engineer - Entry
2025-03-12 23:43:10 | INFO | Successfully scraped job: Associate Software Development Engineer in Test
2025-03-12 23:43:16 | INFO | Successfully scraped job: Associate Software Engineer
2025-03-12 23:43:19 | INFO | Successfully scraped job: Frontend Developer
2025-03-12 23:43:23 | INFO | Successfully scraped job: Software Engineer in Test
2025-03-12 23:43:27 | INFO | Successfully scraped job: Frontend Developer Intern
2025-03-12 23:43:33 | INFO | Successfully scraped job: Software Engineer I
2025-03-12 23:43:54 | INFO | Successfully scraped job: Software Engineer
2025-03-12 23:44:19 | INFO | Successfully scraped job: Software Engineer
2025-03-12 23:44:21 | INFO | Successfully scraped job: Frontend Developer Intern
2025-03-12 23:44:25 | INFO | Successfully scraped job: Software Engineer
2025-03-12 23:44:27 | INFO | Successfully scraped job: Software Engineer
2025-03-12 23:44:29 | INFO | Successfully scraped job: Associate Software Engineer 1
2025-03-12 23:44:32 | INFO | Successfully scraped job: Software Development Engineer
2025-03-12 23:44:36 | INFO | Successfully scraped job: Full Stack Developer, Intern
2025-03-12 23:44:38 | INFO | Successfully scraped job: Software Engineer Intern
2025-03-12 23:44:41 | INFO | Successfully scraped job: Associate Software Engineer
2025-03-12 23:44:43 | INFO | Function scrape_jobs took 218.19 seconds
2025-03-12 23:44:43 | INFO | Found 19 jobs from scraping source: JobFound Portal
2025-03-12 23:44:45 | INFO | Found 16 new jobs to store from source: JobFound Portal
2025-03-12 23:45:06 | INFO | Processing source: JobFound Portal for Remote Job (ID: 2)
2025-03-12 23:45:13 | INFO | Accessing https://www.jobfound.org/remote
2025-03-12 23:45:22 | INFO | Attempting to load URL: https://www.jobfound.org/remote
2025-03-12 23:45:27 | INFO | Function collect_job_urls took 4.95 seconds
2025-03-12 23:45:27 | INFO | Found 20 job URLs
2025-03-12 23:45:58 | INFO | Successfully scraped job: Web Application Developer
2025-03-12 23:46:04 | INFO | Successfully scraped job: Data Engineer
2025-03-12 23:46:09 | INFO | Successfully scraped job: Technical Intern
2025-03-12 23:46:12 | INFO | Successfully scraped job: Founding Open-Source (Research) Engineer
2025-03-12 23:46:19 | INFO | Successfully scraped job: Front End Developer
2025-03-12 23:46:27 | INFO | Successfully scraped job: Frontend Developer
2025-03-12 23:46:31 | INFO | Successfully scraped job: Lead Full-Stack SW Engineer & Partner
2025-03-12 23:46:37 | INFO | Successfully scraped job: Full-Stack Engineer (Front-End Leaning)
2025-03-12 23:46:41 | INFO | Successfully scraped job: Frontend Engineer
2025-03-12 23:46:48 | INFO | Successfully scraped job: Software Developer
2025-03-12 23:47:04 | INFO | Successfully scraped job: Web Developer
2025-03-12 23:47:22 | INFO | Successfully scraped job: Software Developer
2025-03-12 23:47:42 | INFO | Function scrape_jobs took 156.22 seconds
2025-03-12 23:47:42 | INFO | Found 12 jobs from scraping source: JobFound Portal for Remote Job
2025-03-12 23:47:43 | INFO | Found 5 new jobs to store from source: JobFound Portal for Remote Job
2025-03-12 23:48:10 | INFO | Email sent successfully to prasanthranger09@gmail.com
2025-03-12 23:48:10 | INFO | Function scrape_and_process_jobs took 426.62 seconds
2025-03-13 21:33:24 | INFO | Starting job scraping at 2025-03-13 21:33:24.481711 for source_id: None
